0 verbose cli D:\node.exe D:\node_modules\npm\bin\npm-cli.js
1 info using npm@11.6.2
2 info using node@v24.12.0
3 silly config load:file:D:\node_modules\npm\npmrc
4 silly config load:file:C:\Users\adiis\federated-learning\smart_contracts\.npmrc
5 silly config load:file:C:\Users\adiis\.npmrc
6 silly config load:file:C:\Users\adiis\federated-learning\smart_contracts\.appdata\npm\etc\npmrc
7 verbose title npm test
8 verbose argv "test"
9 verbose logfile logs-max:10 dir:C:\Users\adiis\federated-learning\smart_contracts\.localappdata\npm-cache\_logs\2026-03-05T13_45_35_710Z-
10 verbose logfile C:\Users\adiis\federated-learning\smart_contracts\.localappdata\npm-cache\_logs\2026-03-05T13_45_35_710Z-debug-0.log
11 silly logfile done cleaning log files
12 http fetch GET https://registry.npmjs.org/npm attempt 1 failed with EACCES
13 http fetch GET https://registry.npmjs.org/npm attempt 2 failed with EACCES
14 verbose cwd C:\Users\adiis\federated-learning\smart_contracts
15 verbose os Windows_NT 10.0.19045
16 verbose node v24.12.0
17 verbose npm  v11.6.2
18 verbose exit 0
19 info ok
